***********************************************************************************************
***                                                                                         ***
***                                    LINK INFORMATION                                     ***
***                                                                                         ***
***********************************************************************************************

Linker version:

  SEGGER ARM Linker 4.38.6 compiled Aug 19 2023 00:53:41
  Copyright (c) 2017-2022 SEGGER Microcontroller GmbH    www.segger.com


***********************************************************************************************
***                                                                                         ***
***                                     MODULE SUMMARY                                      ***
***                                                                                         ***
***********************************************************************************************

Memory use by input file:

  Object File                                       RX Code     RO Data     RW Data     ZI Data
  ---------------------------------------------  ----------  ----------  ----------  ----------
  DE-DP14211.o                                          416                                    
  main.o                                              1 550                   2 048         512
  SEGGER_THUMB_Startup.o                                 20                                    
  STM32L432KC_FLASH.o                                    26                                    
  STM32L432KC_GPIO.o                                    502                                    
  STM32L432KC_RCC.o                                     162                                    
  STM32L432KC_SPI.o                                     302                                    
  stm32l432xx_Vectors.o                                 526                                    
  STM32L4xx_Startup.o                                    64                                    
  system_stm32l4xx.o                                    462          64           4            
  ---------------------------------------------  ----------  ----------  ----------  ----------
  Subtotal (10 objects)                               4 030          64       2 052         512
  ---------------------------------------------  ----------  ----------  ----------  ----------
  SEGGER_crtinit_v7em_fpv4_sp_d16_hard_t_le_eabi_balanced.a
                                                        128                                    
  ---------------------------------------------  ----------  ----------  ----------  ----------
  Subtotal (1 archives)                                 128                                    
  ---------------------------------------------  ----------  ----------  ----------  ----------
  Linker created (shared data, fills, blocks):                      208                   2 048
  =============================================  ==========  ==========  ==========  ==========
  Total:                                              4 158         272       2 052       2 560
  =============================================  ==========  ==========  ==========  ==========

Memory use by archive member:

  Archive member                                    RX Code     RO Data     RW Data     ZI Data
  ---------------------------------------------  ----------  ----------  ----------  ----------
  SEGGER_crtinit.o (SEGGER_crtinit_v7em_fpv4_sp_d16_hard_t_le_eabi_balanced.a)
                                                        128                                    
  ---------------------------------------------  ----------  ----------  ----------  ----------
  Subtotal (1 members from 1 archives)                  128                                    
  Objects (10 files)                                  4 030          64       2 052         512
  Linker created (shared data, fills, blocks):                      208                   2 048
  =============================================  ==========  ==========  ==========  ==========
  Total:                                              4 158         272       2 052       2 560
  =============================================  ==========  ==========  ==========  ==========

Memory use by linker:

  Description                                       RX Code     RO Data     RW Data     ZI Data
  ---------------------------------------------  ----------  ----------  ----------  ----------
  Initialization table                                              208                        
  Memory for block 'stack'                                                                2 048
  ---------------------------------------------  ----------  ----------  ----------  ----------
  Subtotal (linker created):                                        208                   2 048
  ---------------------------------------------  ----------  ----------  ----------  ----------
  Objects (10 files)                                  4 030          64       2 052         512
  Archives (1 files)                                    128                                    
  =============================================  ==========  ==========  ==========  ==========
  Total:                                              4 158         272       2 052       2 560
  =============================================  ==========  ==========  ==========  ==========


***********************************************************************************************
***                                                                                         ***
***                                     SECTION DETAIL                                      ***
***                                                                                         ***
***********************************************************************************************

Sections by address:

  Range              Symbol or [section] Name         Size  Al  Init  Ac  Object File
  -----------------  -------------------------  ----------  --  ----  --  -----------
  08000000-0800018b  _vectors                          396  512
                                                                Code  RX  stm32l432xx_Vectors.o
  0800018c-080001bb  MSIRangeTable                      48   4  Cnst  RO  system_stm32l4xx.o
  080001bc-0800025b  pinMode                           160   4  Code  RX  STM32L432KC_GPIO.o
  0800025c-0800026f  _start                             20   4  Code  RX  SEGGER_THUMB_Startup.o
  08000270-08000297  HardFault_Handler                  40   4  Code  RX  STM32L4xx_Startup.o
  08000298-08000409  SystemCoreClockUpdate             370   4  Code  RX  system_stm32l4xx.o
  0800040a-08000423  checkDone                          26   2  Code  RX  DE-DP14211.o
  08000424-08000471  clearDP14211                       78   2  Code  RX  DE-DP14211.o
  08000472-08000673  drawBoard                         514   2  Code  RX  main.o
  08000674-080006a9  drawPlayer                         54   2  Code  RX  main.o
  080006aa-080006eb  copyBoard                          66   2  Code  RX  main.o
  080006ec-08000705  configureFlash                     26   2  Code  RX  STM32L432KC_FLASH.o
  08000706-08000713  gpioPinOffset                      14   2  Code  RX  STM32L432KC_GPIO.o
  08000714-08000739  digitalRead                        38   2  Code  RX  STM32L432KC_GPIO.o
  0800073a-08000763  togglePin                          42   2  Code  RX  STM32L432KC_GPIO.o
  08000764-080007d5  configurePLL                      114   2  Code  RX  STM32L432KC_RCC.o
  080007d6-080008b7  initSPI                           226   2  Code  RX  STM32L432KC_SPI.o
  080008b8-080008b9  NMI_Handler                         2   2  Code  RX  stm32l432xx_Vectors.o
  080008ba-080008bb  SVC_Handler                         2   2  Code  RX  stm32l432xx_Vectors.o
  080008bc-080008bd  PendSV_Handler                      2   2  Code  RX  stm32l432xx_Vectors.o
  080008be-080008bf  SysTick_Handler                     2   2  Code  RX  stm32l432xx_Vectors.o
  080008c0-080008c1  WWDG_IRQHandler                     2   2  Code  RX  stm32l432xx_Vectors.o
  080008c2-080008c3  PVD_PVM_IRQHandler                  2   2  Code  RX  stm32l432xx_Vectors.o
  080008c4-080008c5  TAMP_STAMP_IRQHandler               2   2  Code  RX  stm32l432xx_Vectors.o
  080008c6-080008c7  RTC_WKUP_IRQHandler                 2   2  Code  RX  stm32l432xx_Vectors.o
  080008c8-080008c9  FLASH_IRQHandler                    2   2  Code  RX  stm32l432xx_Vectors.o
  080008ca-080008cb  RCC_IRQHandler                      2   2  Code  RX  stm32l432xx_Vectors.o
  080008cc-080008cd  EXTI0_IRQHandler                    2   2  Code  RX  stm32l432xx_Vectors.o
  080008ce-080008cf  EXTI1_IRQHandler                    2   2  Code  RX  stm32l432xx_Vectors.o
  080008d0-080008d1  EXTI2_IRQHandler                    2   2  Code  RX  stm32l432xx_Vectors.o
  080008d2-080008d3  EXTI3_IRQHandler                    2   2  Code  RX  stm32l432xx_Vectors.o
  080008d4-080008d5  EXTI4_IRQHandler                    2   2  Code  RX  stm32l432xx_Vectors.o
  080008d6-080008d7  DMA1_Channel1_IRQHandler            2   2  Code  RX  stm32l432xx_Vectors.o
  080008d8-080008d9  DMA1_Channel2_IRQHandler            2   2  Code  RX  stm32l432xx_Vectors.o
  080008da-080008db  DMA1_Channel3_IRQHandler            2   2  Code  RX  stm32l432xx_Vectors.o
  080008dc-080008dd  DMA1_Channel4_IRQHandler            2   2  Code  RX  stm32l432xx_Vectors.o
  080008de-080008df  DMA1_Channel5_IRQHandler            2   2  Code  RX  stm32l432xx_Vectors.o
  080008e0-080008e1  DMA1_Channel6_IRQHandler            2   2  Code  RX  stm32l432xx_Vectors.o
  080008e2-080008e3  DMA1_Channel7_IRQHandler            2   2  Code  RX  stm32l432xx_Vectors.o
  080008e4-080008e5  ADC1_IRQHandler                     2   2  Code  RX  stm32l432xx_Vectors.o
  080008e6-080008e7  CAN1_TX_IRQHandler                  2   2  Code  RX  stm32l432xx_Vectors.o
  080008e8-080008e9  CAN1_RX0_IRQHandler                 2   2  Code  RX  stm32l432xx_Vectors.o
  080008ea-080008eb  CAN1_RX1_IRQHandler                 2   2  Code  RX  stm32l432xx_Vectors.o
  080008ec-080008ed  CAN1_SCE_IRQHandler                 2   2  Code  RX  stm32l432xx_Vectors.o
  080008ee-080008ef  EXTI9_5_IRQHandler                  2   2  Code  RX  stm32l432xx_Vectors.o
  080008f0-080008f1  TIM1_BRK_TIM15_IRQHandler           2   2  Code  RX  stm32l432xx_Vectors.o
  080008f2-080008f3  TIM1_UP_TIM16_IRQHandler            2   2  Code  RX  stm32l432xx_Vectors.o
  080008f4-080008f5  TIM1_TRG_COM_IRQHandler             2   2  Code  RX  stm32l432xx_Vectors.o
  080008f6-080008f7  TIM1_CC_IRQHandler                  2   2  Code  RX  stm32l432xx_Vectors.o
  080008f8-080008f9  TIM2_IRQHandler                     2   2  Code  RX  stm32l432xx_Vectors.o
  080008fa-080008fb  I2C1_EV_IRQHandler                  2   2  Code  RX  stm32l432xx_Vectors.o
  080008fc-080008fd  I2C1_ER_IRQHandler                  2   2  Code  RX  stm32l432xx_Vectors.o
  080008fe-080008ff  SPI1_IRQHandler                     2   2  Code  RX  stm32l432xx_Vectors.o
  08000900-08000901  USART1_IRQHandler                   2   2  Code  RX  stm32l432xx_Vectors.o
  08000902-08000903  USART2_IRQHandler                   2   2  Code  RX  stm32l432xx_Vectors.o
  08000904-08000905  EXTI15_10_IRQHandler                2   2  Code  RX  stm32l432xx_Vectors.o
  08000906-08000907  RTC_Alarm_IRQHandler                2   2  Code  RX  stm32l432xx_Vectors.o
  08000908-08000909  SPI3_IRQHandler                     2   2  Code  RX  stm32l432xx_Vectors.o
  0800090a-0800090b  TIM6_DAC_IRQHandler                 2   2  Code  RX  stm32l432xx_Vectors.o
  0800090c-0800090d  TIM7_IRQHandler                     2   2  Code  RX  stm32l432xx_Vectors.o
  0800090e-0800090f  DMA2_Channel1_IRQHandler            2   2  Code  RX  stm32l432xx_Vectors.o
  08000910-08000911  DMA2_Channel2_IRQHandler            2   2  Code  RX  stm32l432xx_Vectors.o
  08000912-08000913  DMA2_Channel3_IRQHandler            2   2  Code  RX  stm32l432xx_Vectors.o
  08000914-08000915  DMA2_Channel4_IRQHandler            2   2  Code  RX  stm32l432xx_Vectors.o
  08000916-08000917  DMA2_Channel5_IRQHandler            2   2  Code  RX  stm32l432xx_Vectors.o
  08000918-08000919  COMP_IRQHandler                     2   2  Code  RX  stm32l432xx_Vectors.o
  0800091a-0800091b  LPTIM1_IRQHandler                   2   2  Code  RX  stm32l432xx_Vectors.o
  0800091c-0800091d  LPTIM2_IRQHandler                   2   2  Code  RX  stm32l432xx_Vectors.o
  0800091e-0800091f  USB_IRQHandler                      2   2  Code  RX  stm32l432xx_Vectors.o
  08000920-08000921  DMA2_Channel6_IRQHandler            2   2  Code  RX  stm32l432xx_Vectors.o
  08000922-08000923  DMA2_Channel7_IRQHandler            2   2  Code  RX  stm32l432xx_Vectors.o
  08000924-08000925  LPUART1_IRQHandler                  2   2  Code  RX  stm32l432xx_Vectors.o
  08000926-08000927  QUADSPI_IRQHandler                  2   2  Code  RX  stm32l432xx_Vectors.o
  08000928-08000929  I2C3_EV_IRQHandler                  2   2  Code  RX  stm32l432xx_Vectors.o
  0800092a-0800092b  I2C3_ER_IRQHandler                  2   2  Code  RX  stm32l432xx_Vectors.o
  0800092c-0800092d  SAI1_IRQHandler                     2   2  Code  RX  stm32l432xx_Vectors.o
  0800092e-0800092f  SWPMI1_IRQHandler                   2   2  Code  RX  stm32l432xx_Vectors.o
  08000930-08000931  TSC_IRQHandler                      2   2  Code  RX  stm32l432xx_Vectors.o
  08000932-08000933  RNG_IRQHandler                      2   2  Code  RX  stm32l432xx_Vectors.o
  08000934-08000935  FPU_IRQHandler                      2   2  Code  RX  stm32l432xx_Vectors.o
  08000936-08000937  CRS_IRQHandler                      2   2  Code  RX  stm32l432xx_Vectors.o
  08000938-08000939  Dummy_Handler                       2   2  Code  RX  stm32l432xx_Vectors.o
  0800093a-08000995  SystemInit                         92   2  Code  RX  system_stm32l4xx.o
  08000996-08000a49  initDP14211                       180   2  Code  RX  DE-DP14211.o
  08000a4a-08000acd  writeDP14211                      132   2  Code  RX  DE-DP14211.o
  08000ace-08000bc1  movePlayer                        244   2  Code  RX  main.o
  08000bc2-08000e61  main                              672   2  Code  RX  main.o
  08000e62-08000eb1  gpioEnable                         80   2  Code  RX  STM32L432KC_GPIO.o
  08000eb2-08000ebd  gpioPinToPort                      12   2  Code  RX  STM32L432KC_GPIO.o
  08000ebe-08000efd  gpioPortToBase                     64   2  Code  RX  STM32L432KC_GPIO.o
  08000efe-08000f11  gpioPinToBase                      20   2  Code  RX  STM32L432KC_GPIO.o
  08000f12-08000f59  digitalWrite                       72   2  Code  RX  STM32L432KC_GPIO.o
  08000f5a-08000f89  configureClock                     48   2  Code  RX  STM32L432KC_RCC.o
  08000f8a-08000fd5  spiSendReceive                     76   2  Code  RX  STM32L432KC_SPI.o
  08000fd6-08000fed  reset_handler                      24   2  Code  RX  STM32L4xx_Startup.o
  08000fee-08000fef  ( UNUSED .=.+2 )                    2   -  ----  -   -
  08000ff0-08000ff3  [.init_array]                       4   4  ----  --  STM32L4xx_Startup.o
  08000ff4-08001003  AHBPrescTable                      16   1  Cnst  RO  system_stm32l4xx.o
  08001004-08001027  __SEGGER_init_ctors                36   4  Code  RX  SEGGER_crtinit.o (SEGGER_crtinit_v7em_fpv4_sp_d16_hard_t_le_eabi_balanced.a)
  08001028-08001047  __SEGGER_init_table__              32   4  Cnst  RO  [ Linker created ]
  08001048-080010f7  __SEGGER_init_data__              176   4  Cnst  RO  [ Linker created ]
  080010f8-08001141  __SEGGER_init_lzss                 74   2  Code  RX  SEGGER_crtinit.o (SEGGER_crtinit_v7em_fpv4_sp_d16_hard_t_le_eabi_balanced.a)
  08001142-08001153  __SEGGER_init_zero                 18   2  Code  RX  SEGGER_crtinit.o (SEGGER_crtinit_v7em_fpv4_sp_d16_hard_t_le_eabi_balanced.a)
  08001154-0fffffff  ( UNUSED .=.+134213292 )   134 213 292
                                                             -  ----  -   -
  10000000-100001ff  empty                             512   1  Zero  ZI  main.o
  10000200-10000203  SystemCoreClock                     4   4  Init  RW  system_stm32l4xx.o
  10000204-10000403  sans                              512   1  Init  RW  main.o
  10000404-10000603  sad                               512   1  Init  RW  main.o
  10000604-10000803  neutral                           512   1  Init  RW  main.o
  10000804-10000a03  happy                             512   1  Init  RW  main.o
  10000a04-2000b7ff  ( UNUSED .=.+268479996 )   268 479 996
                                                             -  ----  -   -
  2000b800-2000bfff  [.bss.block.stack]              2 048   8  None  ZI  [ Linker created ]


***********************************************************************************************
***                                                                                         ***
***                                       SYMBOL LIST                                       ***
***                                                                                         ***
***********************************************************************************************

Function symbols by name:

  Symbol name                   Address        Size  Align  Type  Bd  Object File
  -------------------------  ----------  ----------  -----  ----  --  -----------
  ADC1_IRQHandler            0x080008E5                  2  Code  Wk  stm32l432xx_Vectors.o
  CAN1_RX0_IRQHandler        0x080008E9                  2  Code  Wk  stm32l432xx_Vectors.o
  CAN1_RX1_IRQHandler        0x080008EB                  2  Code  Wk  stm32l432xx_Vectors.o
  CAN1_SCE_IRQHandler        0x080008ED                  2  Code  Wk  stm32l432xx_Vectors.o
  CAN1_TX_IRQHandler         0x080008E7                  2  Code  Wk  stm32l432xx_Vectors.o
  COMP_IRQHandler            0x08000919                  2  Code  Wk  stm32l432xx_Vectors.o
  CRS_IRQHandler             0x08000937                  2  Code  Wk  stm32l432xx_Vectors.o
  DMA1_Channel1_IRQHandler   0x080008D7                  2  Code  Wk  stm32l432xx_Vectors.o
  DMA1_Channel2_IRQHandler   0x080008D9                  2  Code  Wk  stm32l432xx_Vectors.o
  DMA1_Channel3_IRQHandler   0x080008DB                  2  Code  Wk  stm32l432xx_Vectors.o
  DMA1_Channel4_IRQHandler   0x080008DD                  2  Code  Wk  stm32l432xx_Vectors.o
  DMA1_Channel5_IRQHandler   0x080008DF                  2  Code  Wk  stm32l432xx_Vectors.o
  DMA1_Channel6_IRQHandler   0x080008E1                  2  Code  Wk  stm32l432xx_Vectors.o
  DMA1_Channel7_IRQHandler   0x080008E3                  2  Code  Wk  stm32l432xx_Vectors.o
  DMA2_Channel1_IRQHandler   0x0800090F                  2  Code  Wk  stm32l432xx_Vectors.o
  DMA2_Channel2_IRQHandler   0x08000911                  2  Code  Wk  stm32l432xx_Vectors.o
  DMA2_Channel3_IRQHandler   0x08000913                  2  Code  Wk  stm32l432xx_Vectors.o
  DMA2_Channel4_IRQHandler   0x08000915                  2  Code  Wk  stm32l432xx_Vectors.o
  DMA2_Channel5_IRQHandler   0x08000917                  2  Code  Wk  stm32l432xx_Vectors.o
  DMA2_Channel6_IRQHandler   0x08000921                  2  Code  Wk  stm32l432xx_Vectors.o
  DMA2_Channel7_IRQHandler   0x08000923                  2  Code  Wk  stm32l432xx_Vectors.o
  Dummy_Handler              0x08000939                  2  Code  Wk  stm32l432xx_Vectors.o
  EXTI0_IRQHandler           0x080008CD                  2  Code  Wk  stm32l432xx_Vectors.o
  EXTI15_10_IRQHandler       0x08000905                  2  Code  Wk  stm32l432xx_Vectors.o
  EXTI1_IRQHandler           0x080008CF                  2  Code  Wk  stm32l432xx_Vectors.o
  EXTI2_IRQHandler           0x080008D1                  2  Code  Wk  stm32l432xx_Vectors.o
  EXTI3_IRQHandler           0x080008D3                  2  Code  Wk  stm32l432xx_Vectors.o
  EXTI4_IRQHandler           0x080008D5                  2  Code  Wk  stm32l432xx_Vectors.o
  EXTI9_5_IRQHandler         0x080008EF                  2  Code  Wk  stm32l432xx_Vectors.o
  FLASH_IRQHandler           0x080008C9                  2  Code  Wk  stm32l432xx_Vectors.o
  FPU_IRQHandler             0x08000935                  2  Code  Wk  stm32l432xx_Vectors.o
  HardFault_Handler          0x08000271                  4  Code  Wk  STM32L4xx_Startup.o
  I2C1_ER_IRQHandler         0x080008FD                  2  Code  Wk  stm32l432xx_Vectors.o
  I2C1_EV_IRQHandler         0x080008FB                  2  Code  Wk  stm32l432xx_Vectors.o
  I2C3_ER_IRQHandler         0x0800092B                  2  Code  Wk  stm32l432xx_Vectors.o
  I2C3_EV_IRQHandler         0x08000929                  2  Code  Wk  stm32l432xx_Vectors.o
  LPTIM1_IRQHandler          0x0800091B                  2  Code  Wk  stm32l432xx_Vectors.o
  LPTIM2_IRQHandler          0x0800091D                  2  Code  Wk  stm32l432xx_Vectors.o
  LPUART1_IRQHandler         0x08000925                  2  Code  Wk  stm32l432xx_Vectors.o
  NMI_Handler                0x080008B9                  2  Code  Wk  stm32l432xx_Vectors.o
  PVD_PVM_IRQHandler         0x080008C3                  2  Code  Wk  stm32l432xx_Vectors.o
  PendSV_Handler             0x080008BD                  2  Code  Wk  stm32l432xx_Vectors.o
  QUADSPI_IRQHandler         0x08000927                  2  Code  Wk  stm32l432xx_Vectors.o
  RCC_IRQHandler             0x080008CB                  2  Code  Wk  stm32l432xx_Vectors.o
  RNG_IRQHandler             0x08000933                  2  Code  Wk  stm32l432xx_Vectors.o
  RTC_Alarm_IRQHandler       0x08000907                  2  Code  Wk  stm32l432xx_Vectors.o
  RTC_WKUP_IRQHandler        0x080008C7                  2  Code  Wk  stm32l432xx_Vectors.o
  Reset_Handler              0x08000FD7                  2  Code  Gb  STM32L4xx_Startup.o
  SAI1_IRQHandler            0x0800092D                  2  Code  Wk  stm32l432xx_Vectors.o
  SPI1_IRQHandler            0x080008FF                  2  Code  Wk  stm32l432xx_Vectors.o
  SPI3_IRQHandler            0x08000909                  2  Code  Wk  stm32l432xx_Vectors.o
  SVC_Handler                0x080008BB                  2  Code  Wk  stm32l432xx_Vectors.o
  SWPMI1_IRQHandler          0x0800092F                  2  Code  Wk  stm32l432xx_Vectors.o
  SysTick_Handler            0x080008BF                  2  Code  Wk  stm32l432xx_Vectors.o
  SystemCoreClockUpdate      0x08000299         370      4  Code  Gb  system_stm32l4xx.o
  SystemInit                 0x0800093B          92      2  Code  Gb  system_stm32l4xx.o
  TAMP_STAMP_IRQHandler      0x080008C5                  2  Code  Wk  stm32l432xx_Vectors.o
  TIM1_BRK_TIM15_IRQHandler  0x080008F1                  2  Code  Wk  stm32l432xx_Vectors.o
  TIM1_CC_IRQHandler         0x080008F7                  2  Code  Wk  stm32l432xx_Vectors.o
  TIM1_TRG_COM_IRQHandler    0x080008F5                  2  Code  Wk  stm32l432xx_Vectors.o
  TIM1_UP_TIM16_IRQHandler   0x080008F3                  2  Code  Wk  stm32l432xx_Vectors.o
  TIM2_IRQHandler            0x080008F9                  2  Code  Wk  stm32l432xx_Vectors.o
  TIM6_DAC_IRQHandler        0x0800090B                  2  Code  Wk  stm32l432xx_Vectors.o
  TIM7_IRQHandler            0x0800090D                  2  Code  Wk  stm32l432xx_Vectors.o
  TSC_IRQHandler             0x08000931                  2  Code  Wk  stm32l432xx_Vectors.o
  USART1_IRQHandler          0x08000901                  2  Code  Wk  stm32l432xx_Vectors.o
  USART2_IRQHandler          0x08000903                  2  Code  Wk  stm32l432xx_Vectors.o
  USB_IRQHandler             0x0800091F                  2  Code  Wk  stm32l432xx_Vectors.o
  WWDG_IRQHandler            0x080008C1                  2  Code  Wk  stm32l432xx_Vectors.o
  __SEGGER_init_ctors        0x08001005          26      4  Code  Wk  SEGGER_crtinit.o (SEGGER_crtinit_v7em_fpv4_sp_d16_hard_t_le_eabi_balanced.a)
  __SEGGER_init_done         0x08000267                  4  Code  Gb  SEGGER_THUMB_Startup.o
  __SEGGER_init_lzss         0x080010F9          74      2  Code  Wk  SEGGER_crtinit.o (SEGGER_crtinit_v7em_fpv4_sp_d16_hard_t_le_eabi_balanced.a)
  __SEGGER_init_zero         0x08001143          18      2  Code  Wk  SEGGER_crtinit.o (SEGGER_crtinit_v7em_fpv4_sp_d16_hard_t_le_eabi_balanced.a)
  __startup_complete         0x08000267                  4  Code  Gb  SEGGER_THUMB_Startup.o
  _start                     0x0800025D          14      4  Code  Gb  SEGGER_THUMB_Startup.o
  checkDone                  0x0800040B          26      2  Code  Gb  DE-DP14211.o
  clearDP14211               0x08000425          78      2  Code  Gb  DE-DP14211.o
  configureClock             0x08000F5B          48      2  Code  Gb  STM32L432KC_RCC.o
  configureFlash             0x080006ED          26      2  Code  Gb  STM32L432KC_FLASH.o
  configurePLL               0x08000765         114      2  Code  Gb  STM32L432KC_RCC.o
  copyBoard                  0x080006AB          66      2  Code  Gb  main.o
  digitalRead                0x08000715          38      2  Code  Gb  STM32L432KC_GPIO.o
  digitalWrite               0x08000F13          72      2  Code  Gb  STM32L432KC_GPIO.o
  drawBoard                  0x08000473         514      2  Code  Gb  main.o
  drawPlayer                 0x08000675          54      2  Code  Gb  main.o
  exit                       0x0800026B           2      4  Code  Gb  SEGGER_THUMB_Startup.o
  gpioEnable                 0x08000E63          80      2  Code  Gb  STM32L432KC_GPIO.o
  gpioPinOffset              0x08000707          14      2  Code  Gb  STM32L432KC_GPIO.o
  gpioPinToBase              0x08000EFF          20      2  Code  Gb  STM32L432KC_GPIO.o
  gpioPinToPort              0x08000EB3          12      2  Code  Gb  STM32L432KC_GPIO.o
  gpioPortToBase             0x08000EBF          64      2  Code  Gb  STM32L432KC_GPIO.o
  initDP14211                0x08000997         180      2  Code  Gb  DE-DP14211.o
  initSPI                    0x080007D7         226      2  Code  Gb  STM32L432KC_SPI.o
  main                       0x08000BC3         672      2  Code  Gb  main.o
  movePlayer                 0x08000ACF         244      2  Code  Gb  main.o
  pinMode                    0x080001BD         160      4  Code  Gb  STM32L432KC_GPIO.o
  reset_handler              0x08000FD7                  2  Code  Gb  STM32L4xx_Startup.o
  spiSendReceive             0x08000F8B          76      2  Code  Gb  STM32L432KC_SPI.o
  togglePin                  0x0800073B          42      2  Code  Gb  STM32L432KC_GPIO.o
  writeDP14211               0x08000A4B         132      2  Code  Gb  DE-DP14211.o

Function symbols by address:

     Address  Symbol name                      Size  Align  Type  Bd  Object File
  ----------  -------------------------  ----------  -----  ----  --  -----------
  0x080001BD  pinMode                           160      4  Code  Gb  STM32L432KC_GPIO.o
  0x0800025D  _start                             14      4  Code  Gb  SEGGER_THUMB_Startup.o
  0x08000267  __startup_complete                         4  Code  Gb  SEGGER_THUMB_Startup.o
  0x08000267  __SEGGER_init_done                         4  Code  Gb  SEGGER_THUMB_Startup.o
  0x0800026B  exit                                2      4  Code  Gb  SEGGER_THUMB_Startup.o
  0x08000271  HardFault_Handler                          4  Code  Wk  STM32L4xx_Startup.o
  0x08000299  SystemCoreClockUpdate             370      4  Code  Gb  system_stm32l4xx.o
  0x0800040B  checkDone                          26      2  Code  Gb  DE-DP14211.o
  0x08000425  clearDP14211                       78      2  Code  Gb  DE-DP14211.o
  0x08000473  drawBoard                         514      2  Code  Gb  main.o
  0x08000675  drawPlayer                         54      2  Code  Gb  main.o
  0x080006AB  copyBoard                          66      2  Code  Gb  main.o
  0x080006ED  configureFlash                     26      2  Code  Gb  STM32L432KC_FLASH.o
  0x08000707  gpioPinOffset                      14      2  Code  Gb  STM32L432KC_GPIO.o
  0x08000715  digitalRead                        38      2  Code  Gb  STM32L432KC_GPIO.o
  0x0800073B  togglePin                          42      2  Code  Gb  STM32L432KC_GPIO.o
  0x08000765  configurePLL                      114      2  Code  Gb  STM32L432KC_RCC.o
  0x080007D7  initSPI                           226      2  Code  Gb  STM32L432KC_SPI.o
  0x080008B9  NMI_Handler                                2  Code  Wk  stm32l432xx_Vectors.o
  0x080008BB  SVC_Handler                                2  Code  Wk  stm32l432xx_Vectors.o
  0x080008BD  PendSV_Handler                             2  Code  Wk  stm32l432xx_Vectors.o
  0x080008BF  SysTick_Handler                            2  Code  Wk  stm32l432xx_Vectors.o
  0x080008C1  WWDG_IRQHandler                            2  Code  Wk  stm32l432xx_Vectors.o
  0x080008C3  PVD_PVM_IRQHandler                         2  Code  Wk  stm32l432xx_Vectors.o
  0x080008C5  TAMP_STAMP_IRQHandler                      2  Code  Wk  stm32l432xx_Vectors.o
  0x080008C7  RTC_WKUP_IRQHandler                        2  Code  Wk  stm32l432xx_Vectors.o
  0x080008C9  FLASH_IRQHandler                           2  Code  Wk  stm32l432xx_Vectors.o
  0x080008CB  RCC_IRQHandler                             2  Code  Wk  stm32l432xx_Vectors.o
  0x080008CD  EXTI0_IRQHandler                           2  Code  Wk  stm32l432xx_Vectors.o
  0x080008CF  EXTI1_IRQHandler                           2  Code  Wk  stm32l432xx_Vectors.o
  0x080008D1  EXTI2_IRQHandler                           2  Code  Wk  stm32l432xx_Vectors.o
  0x080008D3  EXTI3_IRQHandler                           2  Code  Wk  stm32l432xx_Vectors.o
  0x080008D5  EXTI4_IRQHandler                           2  Code  Wk  stm32l432xx_Vectors.o
  0x080008D7  DMA1_Channel1_IRQHandler                   2  Code  Wk  stm32l432xx_Vectors.o
  0x080008D9  DMA1_Channel2_IRQHandler                   2  Code  Wk  stm32l432xx_Vectors.o
  0x080008DB  DMA1_Channel3_IRQHandler                   2  Code  Wk  stm32l432xx_Vectors.o
  0x080008DD  DMA1_Channel4_IRQHandler                   2  Code  Wk  stm32l432xx_Vectors.o
  0x080008DF  DMA1_Channel5_IRQHandler                   2  Code  Wk  stm32l432xx_Vectors.o
  0x080008E1  DMA1_Channel6_IRQHandler                   2  Code  Wk  stm32l432xx_Vectors.o
  0x080008E3  DMA1_Channel7_IRQHandler                   2  Code  Wk  stm32l432xx_Vectors.o
  0x080008E5  ADC1_IRQHandler                            2  Code  Wk  stm32l432xx_Vectors.o
  0x080008E7  CAN1_TX_IRQHandler                         2  Code  Wk  stm32l432xx_Vectors.o
  0x080008E9  CAN1_RX0_IRQHandler                        2  Code  Wk  stm32l432xx_Vectors.o
  0x080008EB  CAN1_RX1_IRQHandler                        2  Code  Wk  stm32l432xx_Vectors.o
  0x080008ED  CAN1_SCE_IRQHandler                        2  Code  Wk  stm32l432xx_Vectors.o
  0x080008EF  EXTI9_5_IRQHandler                         2  Code  Wk  stm32l432xx_Vectors.o
  0x080008F1  TIM1_BRK_TIM15_IRQHandler                  2  Code  Wk  stm32l432xx_Vectors.o
  0x080008F3  TIM1_UP_TIM16_IRQHandler                   2  Code  Wk  stm32l432xx_Vectors.o
  0x080008F5  TIM1_TRG_COM_IRQHandler                    2  Code  Wk  stm32l432xx_Vectors.o
  0x080008F7  TIM1_CC_IRQHandler                         2  Code  Wk  stm32l432xx_Vectors.o
  0x080008F9  TIM2_IRQHandler                            2  Code  Wk  stm32l432xx_Vectors.o
  0x080008FB  I2C1_EV_IRQHandler                         2  Code  Wk  stm32l432xx_Vectors.o
  0x080008FD  I2C1_ER_IRQHandler                         2  Code  Wk  stm32l432xx_Vectors.o
  0x080008FF  SPI1_IRQHandler                            2  Code  Wk  stm32l432xx_Vectors.o
  0x08000901  USART1_IRQHandler                          2  Code  Wk  stm32l432xx_Vectors.o
  0x08000903  USART2_IRQHandler                          2  Code  Wk  stm32l432xx_Vectors.o
  0x08000905  EXTI15_10_IRQHandler                       2  Code  Wk  stm32l432xx_Vectors.o
  0x08000907  RTC_Alarm_IRQHandler                       2  Code  Wk  stm32l432xx_Vectors.o
  0x08000909  SPI3_IRQHandler                            2  Code  Wk  stm32l432xx_Vectors.o
  0x0800090B  TIM6_DAC_IRQHandler                        2  Code  Wk  stm32l432xx_Vectors.o
  0x0800090D  TIM7_IRQHandler                            2  Code  Wk  stm32l432xx_Vectors.o
  0x0800090F  DMA2_Channel1_IRQHandler                   2  Code  Wk  stm32l432xx_Vectors.o
  0x08000911  DMA2_Channel2_IRQHandler                   2  Code  Wk  stm32l432xx_Vectors.o
  0x08000913  DMA2_Channel3_IRQHandler                   2  Code  Wk  stm32l432xx_Vectors.o
  0x08000915  DMA2_Channel4_IRQHandler                   2  Code  Wk  stm32l432xx_Vectors.o
  0x08000917  DMA2_Channel5_IRQHandler                   2  Code  Wk  stm32l432xx_Vectors.o
  0x08000919  COMP_IRQHandler                            2  Code  Wk  stm32l432xx_Vectors.o
  0x0800091B  LPTIM1_IRQHandler                          2  Code  Wk  stm32l432xx_Vectors.o
  0x0800091D  LPTIM2_IRQHandler                          2  Code  Wk  stm32l432xx_Vectors.o
  0x0800091F  USB_IRQHandler                             2  Code  Wk  stm32l432xx_Vectors.o
  0x08000921  DMA2_Channel6_IRQHandler                   2  Code  Wk  stm32l432xx_Vectors.o
  0x08000923  DMA2_Channel7_IRQHandler                   2  Code  Wk  stm32l432xx_Vectors.o
  0x08000925  LPUART1_IRQHandler                         2  Code  Wk  stm32l432xx_Vectors.o
  0x08000927  QUADSPI_IRQHandler                         2  Code  Wk  stm32l432xx_Vectors.o
  0x08000929  I2C3_EV_IRQHandler                         2  Code  Wk  stm32l432xx_Vectors.o
  0x0800092B  I2C3_ER_IRQHandler                         2  Code  Wk  stm32l432xx_Vectors.o
  0x0800092D  SAI1_IRQHandler                            2  Code  Wk  stm32l432xx_Vectors.o
  0x0800092F  SWPMI1_IRQHandler                          2  Code  Wk  stm32l432xx_Vectors.o
  0x08000931  TSC_IRQHandler                             2  Code  Wk  stm32l432xx_Vectors.o
  0x08000933  RNG_IRQHandler                             2  Code  Wk  stm32l432xx_Vectors.o
  0x08000935  FPU_IRQHandler                             2  Code  Wk  stm32l432xx_Vectors.o
  0x08000937  CRS_IRQHandler                             2  Code  Wk  stm32l432xx_Vectors.o
  0x08000939  Dummy_Handler                              2  Code  Wk  stm32l432xx_Vectors.o
  0x0800093B  SystemInit                         92      2  Code  Gb  system_stm32l4xx.o
  0x08000997  initDP14211                       180      2  Code  Gb  DE-DP14211.o
  0x08000A4B  writeDP14211                      132      2  Code  Gb  DE-DP14211.o
  0x08000ACF  movePlayer                        244      2  Code  Gb  main.o
  0x08000BC3  main                              672      2  Code  Gb  main.o
  0x08000E63  gpioEnable                         80      2  Code  Gb  STM32L432KC_GPIO.o
  0x08000EB3  gpioPinToPort                      12      2  Code  Gb  STM32L432KC_GPIO.o
  0x08000EBF  gpioPortToBase                     64      2  Code  Gb  STM32L432KC_GPIO.o
  0x08000EFF  gpioPinToBase                      20      2  Code  Gb  STM32L432KC_GPIO.o
  0x08000F13  digitalWrite                       72      2  Code  Gb  STM32L432KC_GPIO.o
  0x08000F5B  configureClock                     48      2  Code  Gb  STM32L432KC_RCC.o
  0x08000F8B  spiSendReceive                     76      2  Code  Gb  STM32L432KC_SPI.o
  0x08000FD7  reset_handler                              2  Code  Gb  STM32L4xx_Startup.o
  0x08000FD7  Reset_Handler                              2  Code  Gb  STM32L4xx_Startup.o
  0x08001005  __SEGGER_init_ctors                26      4  Code  Wk  SEGGER_crtinit.o (SEGGER_crtinit_v7em_fpv4_sp_d16_hard_t_le_eabi_balanced.a)
  0x080010F9  __SEGGER_init_lzss                 74      2  Code  Wk  SEGGER_crtinit.o (SEGGER_crtinit_v7em_fpv4_sp_d16_hard_t_le_eabi_balanced.a)
  0x08001143  __SEGGER_init_zero                 18      2  Code  Wk  SEGGER_crtinit.o (SEGGER_crtinit_v7em_fpv4_sp_d16_hard_t_le_eabi_balanced.a)

Function symbols by descending size:

  Symbol name                      Size  Align  Type  Bd  Object File
  -------------------------  ----------  -----  ----  --  -----------
  main                              672      2  Code  Gb  main.o
  drawBoard                         514      2  Code  Gb  main.o
  SystemCoreClockUpdate             370      4  Code  Gb  system_stm32l4xx.o
  movePlayer                        244      2  Code  Gb  main.o
  initSPI                           226      2  Code  Gb  STM32L432KC_SPI.o
  initDP14211                       180      2  Code  Gb  DE-DP14211.o
  pinMode                           160      4  Code  Gb  STM32L432KC_GPIO.o
  writeDP14211                      132      2  Code  Gb  DE-DP14211.o
  configurePLL                      114      2  Code  Gb  STM32L432KC_RCC.o
  SystemInit                         92      2  Code  Gb  system_stm32l4xx.o
  gpioEnable                         80      2  Code  Gb  STM32L432KC_GPIO.o
  clearDP14211                       78      2  Code  Gb  DE-DP14211.o
  spiSendReceive                     76      2  Code  Gb  STM32L432KC_SPI.o
  __SEGGER_init_lzss                 74      2  Code  Wk  SEGGER_crtinit.o (SEGGER_crtinit_v7em_fpv4_sp_d16_hard_t_le_eabi_balanced.a)
  digitalWrite                       72      2  Code  Gb  STM32L432KC_GPIO.o
  copyBoard                          66      2  Code  Gb  main.o
  gpioPortToBase                     64      2  Code  Gb  STM32L432KC_GPIO.o
  drawPlayer                         54      2  Code  Gb  main.o
  configureClock                     48      2  Code  Gb  STM32L432KC_RCC.o
  togglePin                          42      2  Code  Gb  STM32L432KC_GPIO.o
  digitalRead                        38      2  Code  Gb  STM32L432KC_GPIO.o
  __SEGGER_init_ctors                26      4  Code  Wk  SEGGER_crtinit.o (SEGGER_crtinit_v7em_fpv4_sp_d16_hard_t_le_eabi_balanced.a)
  checkDone                          26      2  Code  Gb  DE-DP14211.o
  configureFlash                     26      2  Code  Gb  STM32L432KC_FLASH.o
  gpioPinToBase                      20      2  Code  Gb  STM32L432KC_GPIO.o
  __SEGGER_init_zero                 18      2  Code  Wk  SEGGER_crtinit.o (SEGGER_crtinit_v7em_fpv4_sp_d16_hard_t_le_eabi_balanced.a)
  _start                             14      4  Code  Gb  SEGGER_THUMB_Startup.o
  gpioPinOffset                      14      2  Code  Gb  STM32L432KC_GPIO.o
  gpioPinToPort                      12      2  Code  Gb  STM32L432KC_GPIO.o
  exit                                2      4  Code  Gb  SEGGER_THUMB_Startup.o
  ADC1_IRQHandler                            2  Code  Wk  stm32l432xx_Vectors.o
  CAN1_RX0_IRQHandler                        2  Code  Wk  stm32l432xx_Vectors.o
  CAN1_RX1_IRQHandler                        2  Code  Wk  stm32l432xx_Vectors.o
  CAN1_SCE_IRQHandler                        2  Code  Wk  stm32l432xx_Vectors.o
  CAN1_TX_IRQHandler                         2  Code  Wk  stm32l432xx_Vectors.o
  COMP_IRQHandler                            2  Code  Wk  stm32l432xx_Vectors.o
  CRS_IRQHandler                             2  Code  Wk  stm32l432xx_Vectors.o
  DMA1_Channel1_IRQHandler                   2  Code  Wk  stm32l432xx_Vectors.o
  DMA1_Channel2_IRQHandler                   2  Code  Wk  stm32l432xx_Vectors.o
  DMA1_Channel3_IRQHandler                   2  Code  Wk  stm32l432xx_Vectors.o
  DMA1_Channel4_IRQHandler                   2  Code  Wk  stm32l432xx_Vectors.o
  DMA1_Channel5_IRQHandler                   2  Code  Wk  stm32l432xx_Vectors.o
  DMA1_Channel6_IRQHandler                   2  Code  Wk  stm32l432xx_Vectors.o
  DMA1_Channel7_IRQHandler                   2  Code  Wk  stm32l432xx_Vectors.o
  DMA2_Channel1_IRQHandler                   2  Code  Wk  stm32l432xx_Vectors.o
  DMA2_Channel2_IRQHandler                   2  Code  Wk  stm32l432xx_Vectors.o
  DMA2_Channel3_IRQHandler                   2  Code  Wk  stm32l432xx_Vectors.o
  DMA2_Channel4_IRQHandler                   2  Code  Wk  stm32l432xx_Vectors.o
  DMA2_Channel5_IRQHandler                   2  Code  Wk  stm32l432xx_Vectors.o
  DMA2_Channel6_IRQHandler                   2  Code  Wk  stm32l432xx_Vectors.o
  DMA2_Channel7_IRQHandler                   2  Code  Wk  stm32l432xx_Vectors.o
  Dummy_Handler                              2  Code  Wk  stm32l432xx_Vectors.o
  EXTI0_IRQHandler                           2  Code  Wk  stm32l432xx_Vectors.o
  EXTI15_10_IRQHandler                       2  Code  Wk  stm32l432xx_Vectors.o
  EXTI1_IRQHandler                           2  Code  Wk  stm32l432xx_Vectors.o
  EXTI2_IRQHandler                           2  Code  Wk  stm32l432xx_Vectors.o
  EXTI3_IRQHandler                           2  Code  Wk  stm32l432xx_Vectors.o
  EXTI4_IRQHandler                           2  Code  Wk  stm32l432xx_Vectors.o
  EXTI9_5_IRQHandler                         2  Code  Wk  stm32l432xx_Vectors.o
  FLASH_IRQHandler                           2  Code  Wk  stm32l432xx_Vectors.o
  FPU_IRQHandler                             2  Code  Wk  stm32l432xx_Vectors.o
  HardFault_Handler                          4  Code  Wk  STM32L4xx_Startup.o
  I2C1_ER_IRQHandler                         2  Code  Wk  stm32l432xx_Vectors.o
  I2C1_EV_IRQHandler                         2  Code  Wk  stm32l432xx_Vectors.o
  I2C3_ER_IRQHandler                         2  Code  Wk  stm32l432xx_Vectors.o
  I2C3_EV_IRQHandler                         2  Code  Wk  stm32l432xx_Vectors.o
  LPTIM1_IRQHandler                          2  Code  Wk  stm32l432xx_Vectors.o
  LPTIM2_IRQHandler                          2  Code  Wk  stm32l432xx_Vectors.o
  LPUART1_IRQHandler                         2  Code  Wk  stm32l432xx_Vectors.o
  NMI_Handler                                2  Code  Wk  stm32l432xx_Vectors.o
  PVD_PVM_IRQHandler                         2  Code  Wk  stm32l432xx_Vectors.o
  PendSV_Handler                             2  Code  Wk  stm32l432xx_Vectors.o
  QUADSPI_IRQHandler                         2  Code  Wk  stm32l432xx_Vectors.o
  RCC_IRQHandler                             2  Code  Wk  stm32l432xx_Vectors.o
  RNG_IRQHandler                             2  Code  Wk  stm32l432xx_Vectors.o
  RTC_Alarm_IRQHandler                       2  Code  Wk  stm32l432xx_Vectors.o
  RTC_WKUP_IRQHandler                        2  Code  Wk  stm32l432xx_Vectors.o
  Reset_Handler                              2  Code  Gb  STM32L4xx_Startup.o
  SAI1_IRQHandler                            2  Code  Wk  stm32l432xx_Vectors.o
  SPI1_IRQHandler                            2  Code  Wk  stm32l432xx_Vectors.o
  SPI3_IRQHandler                            2  Code  Wk  stm32l432xx_Vectors.o
  SVC_Handler                                2  Code  Wk  stm32l432xx_Vectors.o
  SWPMI1_IRQHandler                          2  Code  Wk  stm32l432xx_Vectors.o
  SysTick_Handler                            2  Code  Wk  stm32l432xx_Vectors.o
  TAMP_STAMP_IRQHandler                      2  Code  Wk  stm32l432xx_Vectors.o
  TIM1_BRK_TIM15_IRQHandler                  2  Code  Wk  stm32l432xx_Vectors.o
  TIM1_CC_IRQHandler                         2  Code  Wk  stm32l432xx_Vectors.o
  TIM1_TRG_COM_IRQHandler                    2  Code  Wk  stm32l432xx_Vectors.o
  TIM1_UP_TIM16_IRQHandler                   2  Code  Wk  stm32l432xx_Vectors.o
  TIM2_IRQHandler                            2  Code  Wk  stm32l432xx_Vectors.o
  TIM6_DAC_IRQHandler                        2  Code  Wk  stm32l432xx_Vectors.o
  TIM7_IRQHandler                            2  Code  Wk  stm32l432xx_Vectors.o
  TSC_IRQHandler                             2  Code  Wk  stm32l432xx_Vectors.o
  USART1_IRQHandler                          2  Code  Wk  stm32l432xx_Vectors.o
  USART2_IRQHandler                          2  Code  Wk  stm32l432xx_Vectors.o
  USB_IRQHandler                             2  Code  Wk  stm32l432xx_Vectors.o
  WWDG_IRQHandler                            2  Code  Wk  stm32l432xx_Vectors.o
  __SEGGER_init_done                         4  Code  Gb  SEGGER_THUMB_Startup.o
  __startup_complete                         4  Code  Gb  SEGGER_THUMB_Startup.o
  reset_handler                              2  Code  Gb  STM32L4xx_Startup.o

Read-write data symbols by name:

  Symbol name                   Address        Size  Align  Type  Bd  Object File
  -------------------------  ----------  ----------  -----  ----  --  -----------
  SystemCoreClock            0x10000200           4      4  Init  Gb  system_stm32l4xx.o
  empty                      0x10000000         512         Zero  Gb  main.o
  happy                      0x10000804         512         Init  Gb  main.o
  neutral                    0x10000604         512         Init  Gb  main.o
  sad                        0x10000404         512         Init  Gb  main.o
  sans                       0x10000204         512         Init  Gb  main.o

Read-write data symbols by address:

     Address  Symbol name                      Size  Align  Type  Bd  Object File
  ----------  -------------------------  ----------  -----  ----  --  -----------
  0x10000000  empty                             512         Zero  Gb  main.o
  0x10000200  SystemCoreClock                     4      4  Init  Gb  system_stm32l4xx.o
  0x10000204  sans                              512         Init  Gb  main.o
  0x10000404  sad                               512         Init  Gb  main.o
  0x10000604  neutral                           512         Init  Gb  main.o
  0x10000804  happy                             512         Init  Gb  main.o

Read-write data symbols by descending size:

  Symbol name                      Size  Align  Type  Bd  Object File
  -------------------------  ----------  -----  ----  --  -----------
  empty                             512         Zero  Gb  main.o
  happy                             512         Init  Gb  main.o
  neutral                           512         Init  Gb  main.o
  sad                               512         Init  Gb  main.o
  sans                              512         Init  Gb  main.o
  SystemCoreClock                     4      4  Init  Gb  system_stm32l4xx.o

Read-only data symbols by name:

  Symbol name                   Address        Size  Align  Type  Bd  Object File
  -------------------------  ----------  ----------  -----  ----  --  -----------
  AHBPrescTable              0x08000FF4          16         Cnst  Gb  system_stm32l4xx.o
  MSIRangeTable              0x0800018C          48      4  Cnst  Gb  system_stm32l4xx.o
  __SEGGER_init_data__       0x08001048       [176]      4  Cnst  Lc  [ Linker created ]
  __SEGGER_init_table__      0x08001028        [32]      4  Cnst  Lc  [ Linker created ]

Read-only data symbols by address:

     Address  Symbol name                      Size  Align  Type  Bd  Object File
  ----------  -------------------------  ----------  -----  ----  --  -----------
  0x0800018C  MSIRangeTable                      48      4  Cnst  Gb  system_stm32l4xx.o
  0x08000FF4  AHBPrescTable                      16         Cnst  Gb  system_stm32l4xx.o
  0x08001028  __SEGGER_init_table__            [32]      4  Cnst  Lc  [ Linker created ]
  0x08001048  __SEGGER_init_data__            [176]      4  Cnst  Lc  [ Linker created ]

Untyped symbols by name:

  Symbol name                     Value        Size  Align  Type  Bd  Object File
  -------------------------  ----------  ----------  -----  ----  --  -----------
  __FLASH1_segment_end__     0x08040000                     ----  Gb  [ Linker created ]
  __FLASH1_segment_size__    0x00040000                     ----  Gb  [ Linker created ]
  __FLASH1_segment_start__   0x08000000                     ----  Gb  [ Linker created ]
  __FLASH1_segment_used_end__
                             0x08001154                     ----  Gb  [ Linker created ]
  __FLASH1_segment_used_size__
                             0x00001154                     ----  Gb  [ Linker created ]
  __FLASH1_segment_used_start__
                             0x08000000                     ----  Gb  [ Linker created ]
  __FLASH_segment_end__      0x08040000                     ----  Gb  [ Linker created ]
  __FLASH_segment_size__     0x00040000                     ----  Gb  [ Linker created ]
  __FLASH_segment_start__    0x08000000                     ----  Gb  [ Linker created ]
  __FLASH_segment_used_end__
                             0x08001154                     ----  Gb  [ Linker created ]
  __FLASH_segment_used_size__
                             0x00001154                     ----  Gb  [ Linker created ]
  __FLASH_segment_used_start__
                             0x08000000                     ----  Gb  [ Linker created ]
  __HEAPSIZE__               0x00000400                     ----  Gb  [ Linker created ]
  __RAM1_segment_end__       0x10004000                     ----  Gb  [ Linker created ]
  __RAM1_segment_size__      0x00004000                     ----  Gb  [ Linker created ]
  __RAM1_segment_start__     0x10000000                     ----  Gb  [ Linker created ]
  __RAM1_segment_used_end__  0x10000A04                     ----  Gb  [ Linker created ]
  __RAM1_segment_used_size__
                             0x00000A04                     ----  Gb  [ Linker created ]
  __RAM1_segment_used_start__
                             0x10000000                     ----  Gb  [ Linker created ]
  __RAM2_segment_end__       0x2000C000                     ----  Gb  [ Linker created ]
  __RAM2_segment_size__      0x0000C000                     ----  Gb  [ Linker created ]
  __RAM2_segment_start__     0x20000000                     ----  Gb  [ Linker created ]
  __RAM2_segment_used_end__  0x2000C000                     ----  Gb  [ Linker created ]
  __RAM2_segment_used_size__
                             0x00000800                     ----  Gb  [ Linker created ]
  __RAM2_segment_used_start__
                             0x2000B800                     ----  Gb  [ Linker created ]
  __RAM_segment_end__        0x2000C000                     ----  Gb  [ Linker created ]
  __RAM_segment_size__       0x1000C000                     ----  Gb  [ Linker created ]
  __RAM_segment_start__      0x10000000                     ----  Gb  [ Linker created ]
  __RAM_segment_used_end__   0x2000C000                     ----  Gb  [ Linker created ]
  __RAM_segment_used_size__  0x1000C000                     ----  Gb  [ Linker created ]
  __RAM_segment_used_start__
                             0x10000000                     ----  Gb  [ Linker created ]
  __STACKSIZE_PROCESS__      0x00000000                     ----  Gb  [ Linker created ]
  __STACKSIZE__              0x00000800                     ----  Gb  [ Linker created ]
  __ctors_end__              0x08000FF4                     ----  Gb  [ Linker created ]
  __ctors_start__            0x08000FF0                     ----  Gb  [ Linker created ]
  __stack_end__              0x2000C000                     ----  Gb  [ Linker created ]
  __thread_pointer$          0x00000000                     ----  Gb  [ Linker created ]
  _vectors                   0x08000000       [396]    512  Code  Gb  stm32l432xx_Vectors.o
  _vectors_end               0x0800018C                512  Code  Lc  stm32l432xx_Vectors.o

Untyped symbols by address:

       Value  Symbol name                      Size  Align  Type  Bd  Object File
  ----------  -------------------------  ----------  -----  ----  --  -----------
  0x00000000  __thread_pointer$                             ----  Gb  [ Linker created ]
  0x00000000  __STACKSIZE_PROCESS__                         ----  Gb  [ Linker created ]
  0x00000400  __HEAPSIZE__                                  ----  Gb  [ Linker created ]
  0x00000800  __STACKSIZE__                                 ----  Gb  [ Linker created ]
  0x00000800  __RAM2_segment_used_size__
                                                            ----  Gb  [ Linker created ]
  0x00000A04  __RAM1_segment_used_size__
                                                            ----  Gb  [ Linker created ]
  0x00001154  __FLASH_segment_used_size__
                                                            ----  Gb  [ Linker created ]
  0x00001154  __FLASH1_segment_used_size__
                                                            ----  Gb  [ Linker created ]
  0x00004000  __RAM1_segment_size__                         ----  Gb  [ Linker created ]
  0x0000C000  __RAM2_segment_size__                         ----  Gb  [ Linker created ]
  0x00040000  __FLASH_segment_size__                        ----  Gb  [ Linker created ]
  0x00040000  __FLASH1_segment_size__                       ----  Gb  [ Linker created ]
  0x08000000  _vectors                        [396]    512  Code  Gb  stm32l432xx_Vectors.o
  0x08000000  __FLASH_segment_used_start__
                                                            ----  Gb  [ Linker created ]
  0x08000000  __FLASH_segment_start__                       ----  Gb  [ Linker created ]
  0x08000000  __FLASH1_segment_used_start__
                                                            ----  Gb  [ Linker created ]
  0x08000000  __FLASH1_segment_start__                      ----  Gb  [ Linker created ]
  0x0800018C  _vectors_end                             512  Code  Lc  stm32l432xx_Vectors.o
  0x08000FF0  __ctors_start__                               ----  Gb  [ Linker created ]
  0x08000FF4  __ctors_end__                                 ----  Gb  [ Linker created ]
  0x08001154  __FLASH_segment_used_end__
                                                            ----  Gb  [ Linker created ]
  0x08001154  __FLASH1_segment_used_end__
                                                            ----  Gb  [ Linker created ]
  0x08040000  __FLASH_segment_end__                         ----  Gb  [ Linker created ]
  0x08040000  __FLASH1_segment_end__                        ----  Gb  [ Linker created ]
  0x10000000  __RAM_segment_used_start__
                                                            ----  Gb  [ Linker created ]
  0x10000000  __RAM_segment_start__                         ----  Gb  [ Linker created ]
  0x10000000  __RAM1_segment_used_start__
                                                            ----  Gb  [ Linker created ]
  0x10000000  __RAM1_segment_start__                        ----  Gb  [ Linker created ]
  0x10000A04  __RAM1_segment_used_end__                     ----  Gb  [ Linker created ]
  0x10004000  __RAM1_segment_end__                          ----  Gb  [ Linker created ]
  0x1000C000  __RAM_segment_used_size__                     ----  Gb  [ Linker created ]
  0x1000C000  __RAM_segment_size__                          ----  Gb  [ Linker created ]
  0x20000000  __RAM2_segment_start__                        ----  Gb  [ Linker created ]
  0x2000B800  __RAM2_segment_used_start__
                                                            ----  Gb  [ Linker created ]
  0x2000C000  __stack_end__                                 ----  Gb  [ Linker created ]
  0x2000C000  __RAM_segment_used_end__                      ----  Gb  [ Linker created ]
  0x2000C000  __RAM_segment_end__                           ----  Gb  [ Linker created ]
  0x2000C000  __RAM2_segment_used_end__                     ----  Gb  [ Linker created ]
  0x2000C000  __RAM2_segment_end__                          ----  Gb  [ Linker created ]


***********************************************************************************************
***                                                                                         ***
***                                      LINK SUMMARY                                       ***
***                                                                                         ***
***********************************************************************************************

Memory breakdown:

    4 158 bytes read-only  code    + 
      272 bytes read-only  data    =   4 430 bytes read-only (total)
    4 612 bytes read-write data

Region summary:

  Name        Range                     Size                 Used               Unused       Alignment Loss
  ----------  -----------------  -----------  -------------------  -------------------  -------------------
  FLASH       08000000-0803ffff      262 144        4 434   1.69%      257 710  98.31%            0   0.00%
  RAM1        10000000-10003fff       16 384        2 564  15.65%       13 820  84.35%            0   0.00%
  RAM2        20000000-2000bfff       49 152        2 048   4.17%       47 104  95.83%            0   0.00%

Link complete: 0 errors, 0 warnings, 0 remarks
